...................................................
----------------------------------------------------------------------
Ran 51 tests

OK
