QA output created by 058

== Read from a valid image ==
read 512/512 bytes at offset 0
512 bytes, X ops; XX:XX:XX.X (XXX YYY/sec and XXX ops/sec)

== Negative catalog size ==
Catalog size is too large
qemu-io: can't open device TEST_DIR/t.bochs
no file open, try 'help open'

== Overflow for catalog size * sizeof(uint32_t) ==
Catalog size is too large
qemu-io: can't open device TEST_DIR/t.bochs
no file open, try 'help open'

== Too small catalog bitmap for image size ==
Catalog size is too small for this disk size
qemu-io: can't open device TEST_DIR/t.bochs
no file open, try 'help open'
*** done
