QA output created by 066

=== Testing cluster discards ===

Formatting 'TEST_DIR/t.IMGFMT', fmt=IMGFMT size=67109376
wrote 262144/262144 bytes at offset 0
256 KiB, X ops; XX:XX:XX.X (XXX YYY/sec and XXX ops/sec)
wrote 262144/262144 bytes at offset 0
256 KiB, X ops; XX:XX:XX.X (XXX YYY/sec and XXX ops/sec)
wrote 512/512 bytes at offset 67108864
512 bytes, X ops; XX:XX:XX.X (XXX YYY/sec and XXX ops/sec)
discard 67109376/67109376 bytes at offset 0
64 MiB, X ops; XX:XX:XX.X (XXX YYY/sec and XXX ops/sec)
read 67109376/67109376 bytes at offset 0
64 MiB, X ops; XX:XX:XX.X (XXX YYY/sec and XXX ops/sec)
No errors were found on the image.
*** done
