QA output created by 086
Formatting 'TEST_DIR/t.IMGFMT', fmt=IMGFMT size=134217728
wrote 1048576/1048576 bytes at offset 0
1 MiB, X ops; XX:XX:XX.X (XXX YYY/sec and XXX ops/sec)
wrote 1048576/1048576 bytes at offset 2097152
1 MiB, X ops; XX:XX:XX.X (XXX YYY/sec and XXX ops/sec)
wrote 1048576/1048576 bytes at offset 4194304
1 MiB, X ops; XX:XX:XX.X (XXX YYY/sec and XXX ops/sec)
wrote 1048576/1048576 bytes at offset 33554432
1 MiB, X ops; XX:XX:XX.X (XXX YYY/sec and XXX ops/sec)
    (0.00/100%)
    (1.56/100%)
    (3.12/100%)
    (4.69/100%)
    (6.25/100%)
    (7.81/100%)
    (9.38/100%)
    (10.94/100%)
    (12.50/100%)
    (14.06/100%)
    (15.62/100%)
    (17.19/100%)
    (18.75/100%)
    (20.31/100%)
    (21.88/100%)
    (23.44/100%)
    (25.00/100%)
    (26.56/100%)
    (28.12/100%)
    (29.69/100%)
    (31.25/100%)
    (32.81/100%)
    (34.38/100%)
    (35.94/100%)
    (37.50/100%)
    (39.06/100%)
    (40.62/100%)
    (42.19/100%)
    (43.75/100%)
    (45.31/100%)
    (46.88/100%)
    (48.44/100%)
    (50.00/100%)
    (51.56/100%)
    (53.12/100%)
    (54.69/100%)
    (56.25/100%)
    (57.81/100%)
    (59.38/100%)
    (60.94/100%)
    (62.50/100%)
    (64.06/100%)
    (65.62/100%)
    (67.19/100%)
    (68.75/100%)
    (70.31/100%)
    (71.88/100%)
    (73.44/100%)
    (75.00/100%)
    (76.56/100%)
    (78.12/100%)
    (79.69/100%)
    (81.25/100%)
    (82.81/100%)
    (84.38/100%)
    (85.94/100%)
    (87.50/100%)
    (89.06/100%)
    (90.62/100%)
    (92.19/100%)
    (93.75/100%)
    (95.31/100%)
    (96.88/100%)
    (98.44/100%)
    (100.00/100%)
    (100.00/100%)

*** done
