QA output created by 096
Formatting 'TEST_DIR/t.IMGFMT', fmt=IMGFMT size=65536
wrote 65536/65536 bytes at offset 0
64 KiB, X ops; XX:XX:XX.X (XXX YYY/sec and XXX ops/sec)
{"return": {}}
{"return": {}}
{"return": {}}
read 65536/65536 bytes at offset 0
64 KiB, X ops; XX:XX:XX.X (XXX YYY/sec and XXX ops/sec)
{"timestamp": {"seconds":  TIMESTAMP, "microseconds":  TIMESTAMP}, "event": "DEVICE_TRAY_MOVED", "data": {"device": "drv", "tray-open": true}}
{"return": {}}
qemu-io: can't open device nbd://127.0.0.1:PORT/drv: Failed to read export length
no file open, try 'help open'
{"return": {}}
{"timestamp": {"seconds":  TIMESTAMP, "microseconds":  TIMESTAMP}, "event": "SHUTDOWN"}
*** done
