.........................................................................................
----------------------------------------------------------------------
Ran 89 tests

OK
