............................
----------------------------------------------------------------------
Ran 28 tests

OK
